(0, 0)
(7, 1)
(14, 2)
(16, 3)
(18, 0)
(20, 1)
(30, 3)
(35, 1)
(37, 2)
(43, 0)
(50, 0)
(60, 2)
(67, 0)
(69, 1)
(72, 3)
(79, 3)
(90, 1)
(97, 0)
(104, 1)
(107, 2)
(114, 3)
(121, 0)
(124, 2)
(126, 3)
average waiting time 8.75
